
> pokemoners@0.1.0 build
> next build

Γû▓ Next.js 16.2.1 (Turbopack)
- Environments: .env

  Creating an optimized production build ...
Γ£ô Compiled successfully in 11.1s
  Running TypeScript ...
node.exe : Failed to type check.
At line:1 char:1
+ & "C:\Program 
Files\nodejs/node.exe" 
"C:\Program Files\nodejs/node_mo 
...
+ ~~~~~~~~~~~~~~~~~~~~~~~~~~~~~~~~
~~~~~~~~~~~~~~~~~~~~~~~~~~~~~~~~~~
~~~
    + CategoryInfo          : Not 
   Specified: (Failed to type ch  
  eck.:String) [], RemoteExcept   
 ion
    + FullyQualifiedErrorId : Nat 
   iveCommandError
 

./prisma.config.ts:4:30
Type error: Cannot find module 
'prisma/config' or its 
corresponding type declarations.

  [90m2 |[0m [90m// npm 
install --save-dev prisma 
dotenv[0m
  [90m3 |[0m [36mimport[0m 
[32m"dotenv/config"[0m;
[31m[1m>[0m [90m4 |[0m 
[36mimport[0m { defineConfig } 
[36mfrom[0m 
[32m"prisma/config"[0m;
  [90m  |[0m                    
          [31m[1m^[0m
  [90m5 |[0m
  [90m6 |[0m [36mexport[0m 
[36mdefault[0m defineConfig({
  [90m7 |[0m   schema: 
[32m"prisma/schema.prisma"[0m,
Next.js build worker exited with 
code: 1 and signal: null
